../Core/Src/main.c:150:5:main	40	static
../Core/Src/main.c:252:6:SystemClock_Config	88	static
../Core/Src/main.c:309:6:PeriphCommonClock_Config	144	static
../Core/Src/main.c:337:13:MX_ADC3_Init	24	static
../Core/Src/main.c:389:13:MX_CRC_Init	8	static
../Core/Src/main.c:420:13:MX_DCMI_Init	8	static
../Core/Src/main.c:457:13:MX_DMA2D_Init	8	static
../Core/Src/main.c:494:13:MX_ETH_Init	8	static
../Core/Src/main.c:543:13:MX_I2C1_Init	8	static
../Core/Src/main.c:591:13:MX_I2C3_Init	8	static
../Core/Src/main.c:639:13:MX_LTDC_Init	64	static
../Core/Src/main.c:701:13:MX_QUADSPI_Init	8	static
../Core/Src/main.c:736:13:MX_RTC_Init	72	static
../Core/Src/main.c:832:13:MX_SAI2_Init	8	static
../Core/Src/main.c:907:13:MX_SDMMC1_SD_Init	4	static
../Core/Src/main.c:935:13:MX_SPDIFRX_Init	8	static
../Core/Src/main.c:971:13:MX_TIM1_Init	112	static
../Core/Src/main.c:1051:13:MX_TIM2_Init	64	static
../Core/Src/main.c:1110:13:MX_TIM3_Init	64	static
../Core/Src/main.c:1169:13:MX_TIM5_Init	64	static
../Core/Src/main.c:1228:13:MX_TIM8_Init	40	static
../Core/Src/main.c:1275:13:MX_TIM12_Init	40	static
../Core/Src/main.c:1317:13:MX_USART1_UART_Init	8	static
../Core/Src/main.c:1352:13:MX_USART6_UART_Init	8	static
../Core/Src/main.c:1383:13:MX_FMC_Init	40	static
../Core/Src/main.c:1434:13:MX_GPIO_Init	72	static
../Core/Src/main.c:1611:6:StartDefaultTask	16	static
../Core/Src/main.c:1632:6:HAL_TIM_PeriodElapsedCallback	16	static
../Core/Src/main.c:1649:6:Error_Handler	4	static,ignoring_inline_asm
